exports[`<TwitterLink /> matches the snapshot 1`] = `
<a
  className="IconLink"
  href="https://twitter.com/cookiefission"
  target="blank">
  <div
    className="Icon-wrapper">
    <i
      className="fa fa-twitter fa-lg" />
  </div>
</a>
`;
