exports[`<IconLink /> matches the snapshot 1`] = `
<a
  href="https://example.com"
  target="blank">
  <div
    className="Icon-wrapper">
    <i
      className="fa fa-warning fa-lg" />
  </div>
</a>
`;
