exports[`<MediumLink /> matches the snapshot 1`] = `
<a
  className="IconLink"
  href="https://blog.cookiefission.com"
  target="blank">
  <div
    className="Icon-wrapper">
    <i
      className="fa fa-medium fa-lg" />
  </div>
</a>
`;
